===== SM_pHshock rasters =====
cell_ids: EXACT match (34 units)
unit_count: EXACT match (34)
spike_times: 34/34 units exactly equal
fs: EXACT match (40000.0)
end_time_s mismatch: got 73835.122275 vs ref 73835.1223 (abs=2.5000001187436283e-05)

rasters summary: 37/38 exact (97.3684%), worst_abs_diff=2.5000001187436283e-05
FAILURES (1):
  - end_time_s mismatch: got 73835.122275 vs ref 73835.1223 (abs=2.5000001187436283e-05)
EXIT:0
===== ER52_ImpactWithBicuculline rasters =====
cell_ids: EXACT match (69 units)
unit_count: EXACT match (69)
spike_times: 69/69 units exactly equal
fs: EXACT match (40000.0)
end_time_s: EXACT match (21600.1371)

rasters summary: 73/73 exact (100.0000%), worst_abs_diff=0.0
rasters: PASS (exact match to ProcessedData)
EXIT:0
===== JMSM_ImpactWithoutBicuculline rasters =====
cell_ids: EXACT match (41 units)
unit_count: EXACT match (41)
spike_times: 41/41 units exactly equal
fs: EXACT match (40000.0)
end_time_s: EXACT match (28800.515175)

rasters summary: 45/45 exact (100.0000%), worst_abs_diff=0.0
rasters: PASS (exact match to ProcessedData)
EXIT:0
